Microsoft (R) Macro Assembler Version 14.28.29915.0	    06/06/21 10:30:17
2String Primitives and Macros    (Proj6_rostma.asm	     Page 1 - 1


				TITLE String Primitives and Macros    (Proj6_rostma.asm)

				; Author: Matthew Rost
				; Last Modified: 6/6/2021
				; OSU email address: rostma@oregonstate.edu
				; Course number/section:   CS271 Section 400
				; Project Number:                 Due Date: 6/6/2021
				; Description: This is the portfolio project file for CS 271. This file
				;              is a program that implements macros for string processing.
				;			   It also uses procedures for signed integers which use
				;			   string primitive isntructions. This will get a user string
				;			   input and convert the ascii digits to its numeric value.
				;			   The program will get 10 valid integers from the user and
				;			   store them into an array. It will then display the integers,
				;			   their sum, and their average.

				INCLUDE Irvine32.inc
			      C ; Include file for Irvine32.lib             (Irvine32.inc)
			      C 
			      C ;OPTION CASEMAP:NONE		; optional: make identifiers case-sensitive
			      C 
			      C INCLUDE SmallWin.inc		; MS-Windows prototypes, structures, and constants
			      C .NOLIST
			      C .LIST
			      C 
			      C INCLUDE VirtualKeys.inc
			      C ; VirtualKeys.inc
			      C .NOLIST
			      C .LIST
			      C 
			      C 
			      C .NOLIST
			      C .LIST
			      C 

				; ---------------------------------------------------------------------------------
				; Name: mGetString
				;
				; Prompts the user to input a string and stores the string.
				;
				; Preconditions:
				;
				; Receives:
				; prompt = string BYTE array
				; user_input = string BYTE array
				; input_length = DWORD length of inputted array
				;
				; Returns:
				; user_input = user inputted string
				; input_length = length of inputted string
				; ---------------------------------------------------------------------------------

				mGetString MACRO prompt, user_input, input_length

					PUSH					EDX
					PUSH					ECX
					PUSH					EAX

					mDisplayString			prompt

					MOV						EDX, user_input
					MOV						ECX, HI

					CALL					ReadString
					MOV						input_length, EAX

					POP						EAX
					POP						ECX
					POP						EDX

				ENDM

				; ---------------------------------------------------------------------------------
				; Name: mDisplayString
				;
				; Prints out a string.
				;
				; Preconditions:
				;
				; Receives:
				; string = string BYTE array
				;
				; Returns:
				; string = Prints out string array
				; ---------------------------------------------------------------------------------

				mDisplayString MACRO string
					PUSH		EDX

					MOV			EDX, string
					CALL		WriteString

					POP			EDX

				ENDM

 = 00000010			HI = 16		; Used to set max size for string input
 = 00000003			NUMBER = 3 ; Number of integers to store

 00000000			.data

 00000000 50 52 4F 47 52		assignment			BYTE		"PROGRAMMING ASSIGNMENT 6: Designing low-level I/O procedures", 0
	   41 4D 4D 49 4E
	   47 20 41 53 53
	   49 47 4E 4D 45
	   4E 54 20 36 3A
	   20 44 65 73 69
	   67 6E 69 6E 67
	   20 6C 6F 77 2D
	   6C 65 76 65 6C
	   20 49 2F 4F 20
	   70 72 6F 63 65
	   64 75 72 65 73
	   00
 0000003D 57 72 69 74 74		author				BYTE		"Written By: Matthew Rost", 0
	   65 6E 20 42 79
	   3A 20 4D 61 74
	   74 68 65 77 20
	   52 6F 73 74 00
 00000056 50 6C 65 61 73		instruction_1		BYTE		"Please provide 10 signed decimal integers.", 0
	   65 20 70 72 6F
	   76 69 64 65 20
	   31 30 20 73 69
	   67 6E 65 64 20
	   64 65 63 69 6D
	   61 6C 20 69 6E
	   74 65 67 65 72
	   73 2E 00
 00000081 45 61 63 68 20		instruction_2		BYTE		"Each number needs to be small enough to fit inside a 32 bit register. After you have finished inputting the", 0
	   6E 75 6D 62 65
	   72 20 6E 65 65
	   64 73 20 74 6F
	   20 62 65 20 73
	   6D 61 6C 6C 20
	   65 6E 6F 75 67
	   68 20 74 6F 20
	   66 69 74 20 69
	   6E 73 69 64 65
	   20 61 20 33 32
	   20 62 69 74 20
	   72 65 67 69 73
	   74 65 72 2E 20
	   41 66 74 65 72
	   20 79 6F 75 20
	   68 61 76 65 20
	   66 69 6E 69 73
	   68 65 64 20 69
	   6E 70 75 74 74
	   69 6E 67 20 74
	   68 65 00
 000000ED 72 61 77 20 6E		instruction_3		BYTE		"raw numbers, this will display a list of the integers, their sum, and their average value.", 0
	   75 6D 62 65 72
	   73 2C 20 74 68
	   69 73 20 77 69
	   6C 6C 20 64 69
	   73 70 6C 61 79
	   20 61 20 6C 69
	   73 74 20 6F 66
	   20 74 68 65 20
	   69 6E 74 65 67
	   65 72 73 2C 20
	   74 68 65 69 72
	   20 73 75 6D 2C
	   20 61 6E 64 20
	   74 68 65 69 72
	   20 61 76 65 72
	   61 67 65 20 76
	   61 6C 75 65 2E
	   00
 00000148 50 6C 65 61 73		input_prompt		BYTE		"Please enter a signed number: ", 0
	   65 20 65 6E 74
	   65 72 20 61 20
	   73 69 67 6E 65
	   64 20 6E 75 6D
	   62 65 72 3A 20
	   00
 00000167 45 52 52 4F 52		input_bad			BYTE		"ERROR: You did not enter a signed number or your number was too big.", 0
	   3A 20 59 6F 75
	   20 64 69 64 20
	   6E 6F 74 20 65
	   6E 74 65 72 20
	   61 20 73 69 67
	   6E 65 64 20 6E
	   75 6D 62 65 72
	   20 6F 72 20 79
	   6F 75 72 20 6E
	   75 6D 62 65 72
	   20 77 61 73 20
	   74 6F 6F 20 62
	   69 67 2E 00
 000001AC 50 6C 65 61 73		input_try_again		BYTE		"Please try again: ", 0
	   65 20 74 72 79
	   20 61 67 61 69
	   6E 3A 20 00
 000001BF  00000003 [			integers			SDWORD		NUMBER DUP(?)
	    00000000
	   ]
 000001CB  00000020 [			string				BYTE		32 DUP(0)
	    00
	   ]
 000001EB  00000020 [			string_output		BYTE		32 DUP(0)
	    00
	   ]
 0000020B 00000000			string_count		DWORD		?
 0000020F 00000000			count				DWORD		?
 00000213 59 6F 75 20 65		output_string		BYTE		"You entered the following numbers: ", 0
	   6E 74 65 72 65
	   64 20 74 68 65
	   20 66 6F 6C 6C
	   6F 77 69 6E 67
	   20 6E 75 6D 62
	   65 72 73 3A 20
	   00
 00000237 2C 20 00			comma				BYTE		", ", 0
 0000023A 00000000			average				DWORD		?
 0000023E 54 68 65 20 73		sum_string			BYTE		"The sum of these numbers is: ", 0
	   75 6D 20 6F 66
	   20 74 68 65 73
	   65 20 6E 75 6D
	   62 65 72 73 20
	   69 73 3A 20 00
 0000025C 00000000			sum					DWORD		?
 00000260 54 68 65 20 72		rounded_string		BYTE		"The rounded average is: ", 0
	   6F 75 6E 64 65
	   64 20 61 76 65
	   72 61 67 65 20
	   69 73 3A 20 00
 00000279 54 68 61 6E 6B		goodbye				BYTE		"Thanks for playing!", 0
	   73 20 66 6F 72
	   20 70 6C 61 79
	   69 6E 67 21 00

 00000000			.code
 00000000			main PROC
					
					; Display Introduction and Prompt
 00000000  68 000000ED R		PUSH					OFFSET instruction_3
 00000005  68 00000081 R		PUSH					OFFSET instruction_2
 0000000A  68 00000056 R		PUSH					OFFSET instruction_1
 0000000F  68 0000003D R		PUSH					OFFSET author
 00000014  68 00000000 R		PUSH					OFFSET assignment
 00000019  E8 0000012A			CALL					Introduction

					; Set counter to NUMBER and count to 0
 0000001E  B9 00000003			MOV						ECX, NUMBER
 00000023  B8 00000000			MOV						EAX, 0
 00000028  A3 0000020F R		MOV						count, EAX

					; Loop to get valid integers from user
 0000002D				_getValidStrings:
 0000002D  68 0000020B R			PUSH					OFFSET string_count
 00000032  68 0000020F R			PUSH					OFFSET count
 00000037  68 000001CB R			PUSH					OFFSET string
 0000003C  68 000001BF R			PUSH					OFFSET integers
 00000041  68 000001AC R			PUSH					OFFSET input_try_again
 00000046  68 00000167 R			PUSH					OFFSET input_bad
 0000004B  68 00000148 R			PUSH					OFFSET input_prompt
 00000050  E8 00000151				CALL					ReadVal
 00000055  83 05 0000020F R			ADD						count, 4				; Tracks index
	   04
 0000005C  E2 CF				LOOP					_getValidStrings

					; Calculate sum and average
 0000005E  68 000001BF R		PUSH					OFFSET integers
 00000063  68 0000025C R		PUSH					OFFSET sum
 00000068  68 0000023A R		PUSH					OFFSET average
 0000006D  E8 00000327			CALL					Calculate


 00000072  E8 00000000 E		Call					Crlf
					mDisplayString			OFFSET output_string
 00000077  52		     1		PUSH		EDX
 00000078  BA 00000213 R     1		MOV			EDX, OFFSET output_string
 0000007D  E8 00000000 E     1		CALL		WriteString
 00000082  5A		     1		POP			EDX
 00000083  E8 00000000 E		Call					Crlf

 00000088  B8 00000000			MOV						EAX, 0
 0000008D  A3 0000020F R		MOV						count, EAX
 00000092  B9 00000003			MOV						ECX, NUMBER

					; Loop to display the entered numbers as strings
 00000097				_enteredNumbers:
 00000097  C6 05 000001EB R			MOV						string_output, 0
	   00
 0000009E  68 0000020F R			PUSH					OFFSET count
 000000A3  68 000001EB R			PUSH					OFFSET string_output
 000000A8  68 000001BF R			PUSH					OFFSET integers
 000000AD  E8 0000027F				CALL					WriteVal
 000000B2  83 05 0000020F R			ADD						count, 4
	   04
 000000B9  83 F9 01				CMP						ECX, 1
 000000BC  74 0E				JE						_enteredNumbersNoComma
						mDisplayString			OFFSET comma
 000000BE  52		     1		PUSH		EDX
 000000BF  BA 00000237 R     1		MOV			EDX, OFFSET comma
 000000C4  E8 00000000 E     1		CALL		WriteString
 000000C9  5A		     1		POP			EDX
 000000CA  E2 CB				LOOP					_enteredNumbers

					; Used for last number so it doesn't have a comma after it.
 000000CC				_enteredNumbersNoComma:
 000000CC  E2 FE				LOOP					_enteredNumbersNoComma
						

 000000CE  C6 05 000001EB R		MOV						string_output, 0
	   00
 000000D5  A3 0000020F R		MOV						count, EAX
 000000DA  E8 00000000 E		Call					Crlf
					mDisplayString			OFFSET sum_string
 000000DF  52		     1		PUSH		EDX
 000000E0  BA 0000023E R     1		MOV			EDX, OFFSET sum_string
 000000E5  E8 00000000 E     1		CALL		WriteString
 000000EA  5A		     1		POP			EDX

					; Display sum string
 000000EB  68 0000020F R		PUSH					OFFSET count
 000000F0  68 000001EB R		PUSH					OFFSET string_output
 000000F5  68 0000025C R		PUSH					OFFSET sum
 000000FA  E8 00000232			CALL					WriteVal

 000000FF  C6 05 000001EB R		MOV						string_output, 0
	   00
 00000106  E8 00000000 E		Call					Crlf
					mDisplayString			OFFSET rounded_string		
 0000010B  52		     1		PUSH		EDX
 0000010C  BA 00000260 R     1		MOV			EDX, OFFSET rounded_string
 00000111  E8 00000000 E     1		CALL		WriteString
 00000116  5A		     1		POP			EDX

					; Display average string
 00000117  68 0000020F R		PUSH					OFFSET count
 0000011C  68 000001EB R		PUSH					OFFSET string_output
 00000121  68 0000023A R		PUSH					OFFSET average
 00000126  E8 00000206			CALL					WriteVal

 0000012B  E8 00000000 E		Call					Crlf
 00000130  E8 00000000 E		Call					Crlf
					mDisplayString			OFFSET goodbye
 00000135  52		     1		PUSH		EDX
 00000136  BA 00000279 R     1		MOV			EDX, OFFSET goodbye
 0000013B  E8 00000000 E     1		CALL		WriteString
 00000140  5A		     1		POP			EDX

					Invoke ExitProcess,0	; exit to operating system
 00000141  6A 00	   *	    push   +000000000h
 00000143  E8 00000000 E   *	    call   ExitProcess
 00000148			main ENDP

				; -----------------------------
				; Name: Introduction
				;
				; FILL THIS OUT
				;	
				; Preconditions:
				;	FILL THIS OUT
				;
				; Receives:
				;	[ebp+8]			= assignment array
				;	[ebp+12]		= author array
				;	[ebp+16]		= instruction_1 array
				;	[ebp+20]		= instruction_2 array
				;	[ebp+24]		= instruction_3 array
				;
				; Returns:
				;	NONE
				; -----------------------------
 00000148			Introduction PROC
 00000148  55				PUSH					EBP
 00000149  8B EC			MOV						EBP, ESP
 0000014B  52				PUSH					EDX

					; Call macro to display the introduction and prompt strings
					mDisplayString			[EBP+8]
 0000014C  52		     1		PUSH		EDX
 0000014D  8B 55 08	     1		MOV			EDX, [EBP+8]
 00000150  E8 00000000 E     1		CALL		WriteString
 00000155  5A		     1		POP			EDX
 00000156  E8 00000000 E		CALL					Crlf
					mDisplayString			[EBP+12]
 0000015B  52		     1		PUSH		EDX
 0000015C  8B 55 0C	     1		MOV			EDX, [EBP+12]
 0000015F  E8 00000000 E     1		CALL		WriteString
 00000164  5A		     1		POP			EDX
 00000165  E8 00000000 E		CALL					Crlf
 0000016A  E8 00000000 E		CALL					Crlf
					mDisplayString			[EBP+16]
 0000016F  52		     1		PUSH		EDX
 00000170  8B 55 10	     1		MOV			EDX, [EBP+16]
 00000173  E8 00000000 E     1		CALL		WriteString
 00000178  5A		     1		POP			EDX
 00000179  E8 00000000 E		CALL					Crlf
					mDisplayString			[EBP+20]
 0000017E  52		     1		PUSH		EDX
 0000017F  8B 55 14	     1		MOV			EDX, [EBP+20]
 00000182  E8 00000000 E     1		CALL		WriteString
 00000187  5A		     1		POP			EDX
 00000188  E8 00000000 E		CALL					Crlf
					mDisplayString			[EBP+24]
 0000018D  52		     1		PUSH		EDX
 0000018E  8B 55 18	     1		MOV			EDX, [EBP+24]
 00000191  E8 00000000 E     1		CALL		WriteString
 00000196  5A		     1		POP			EDX
 00000197  E8 00000000 E		CALL					Crlf
 0000019C  E8 00000000 E		CALL					Crlf

 000001A1  5A				POP						EDX
 000001A2  5D				POP						EBP
 000001A3  C2 0014			RET						20

 000001A6			Introduction ENDP

				; -----------------------------
				; Name: ReadVal
				;
				; FILL THIS OUT
				;	
				; Preconditions:
				;	FILL THIS OUT
				;
				; Receives:
				;	[ebp+8]			=  input_prompt string BYTE array
				;	[ebp+12]		=  input_bad string BYTE array
				;	[ebp+16]		=  input_try_again string BYTE array
				;	[ebp+20]		=  integers DWORD array
				;	[ebp+24]		=  string (user string input) BYTE array
				;	[ebp+28]		=  count DWORD
				;	[ebp+32]		=  string_count (length of string input) DWORD
				;
				; Returns:
				;	NONE
				; -----------------------------
 000001A6			ReadVal PROC
 000001A6  55				PUSH					EBP
 000001A7  8B EC			MOV						EBP, ESP
 000001A9  50				PUSH					EAX
 000001AA  53				PUSH					EBX
 000001AB  51				PUSH					ECX
 000001AC  52				PUSH					EDX
 000001AD  57				PUSH					EDI
 000001AE  56				PUSH					ESI

 000001AF  8B 7D 14			MOV						EDI, [EBP+20]
 000001B2  8B 45 1C			MOV						EAX, [EBP+28]
 000001B5  03 38			ADD						EDI, [EAX]		; Set to end of array of integers
 000001B7  8B 75 18			MOV						ESI, [EBP+24]
 000001BA  B8 00000000			MOV						EAX, 0
 000001BF  BB 00000000			MOV						EBX, 0

					; Call macro to display the introduction and prompt strings

 000001C4				_getString:
						mGetString				[EBP+8], [EBP+24], [EBP+32]
 000001C4  52		     1		PUSH					EDX
 000001C5  51		     1		PUSH					ECX
 000001C6  50		     1		PUSH					EAX
 000001C7  52		     2		PUSH		EDX
 000001C8  8B 55 08	     2		MOV			EDX, [EBP+8]
 000001CB  E8 00000000 E     2		CALL		WriteString
 000001D0  5A		     2		POP			EDX
 000001D1  8B 55 18	     1		MOV						EDX, [EBP+24]
 000001D4  B9 00000010	     1		MOV						ECX, HI
 000001D9  E8 00000000 E     1		CALL					ReadString
 000001DE  89 45 20	     1		MOV						[EBP+32], EAX
 000001E1  58		     1		POP						EAX
 000001E2  59		     1		POP						ECX
 000001E3  5A		     1		POP						EDX

						; Quick check to see if the user entered any characters
 000001E4  8B 45 20				MOV						EAX, [EBP+32]
 000001E7  83 F8 01				CMP						EAX, 1
 000001EA  7C 0E				JL						_badString
 000001EC  8B 4D 20				MOV						ECX, [EBP+32]
 000001EF  8B 45 20				MOV						EAX, [EBP+32]
 000001F2  83 E8 01				SUB						EAX, 1
 000001F5  89 45 20				MOV						[EBP+32], EAX
 000001F8  EB 51				JMP						_verifyCharacters 	; string contains >0 characters, time to verify if it has a + or - sign

 000001FA				_badString:

						mDisplayString			[EBP+12]
 000001FA  52		     1		PUSH		EDX
 000001FB  8B 55 0C	     1		MOV			EDX, [EBP+12]
 000001FE  E8 00000000 E     1		CALL		WriteString
 00000203  5A		     1		POP			EDX
 00000204  E8 00000000 E			CALL					Crlf

						mGetString				[EBP+16], [EBP+24], [EBP+32]
 00000209  52		     1		PUSH					EDX
 0000020A  51		     1		PUSH					ECX
 0000020B  50		     1		PUSH					EAX
 0000020C  52		     2		PUSH		EDX
 0000020D  8B 55 10	     2		MOV			EDX, [EBP+16]
 00000210  E8 00000000 E     2		CALL		WriteString
 00000215  5A		     2		POP			EDX
 00000216  8B 55 18	     1		MOV						EDX, [EBP+24]
 00000219  B9 00000010	     1		MOV						ECX, HI
 0000021E  E8 00000000 E     1		CALL					ReadString
 00000223  89 45 20	     1		MOV						[EBP+32], EAX
 00000226  58		     1		POP						EAX
 00000227  59		     1		POP						ECX
 00000228  5A		     1		POP						EDX
 00000229  8B 45 20				MOV						EAX, [EBP+32]
 0000022C  83 F8 01				CMP						EAX, 1
 0000022F  7C C9				JL						_badString
 00000231  8B 75 18				MOV						ESI, [EBP+24]
 00000234  8B 4D 20				MOV						ECX, [EBP+32]
 00000237  8B 45 20				MOV						EAX, [EBP+32]
 0000023A  83 E8 01				SUB						EAX, 1
 0000023D  89 45 20				MOV						[EBP+32], EAX

 00000240  8B 07				MOV						EAX, [EDI]
 00000242  B8 00000000				MOV						EAX, 0
 00000247  89 07				MOV						[EDI], EAX

 00000249  EB 00				JMP						_verifyCharacters

 0000024B				_verifyCharacters:
 0000024B  AC					LODSB
 0000024C  3C 39				CMP						AL, 57
 0000024E  7F AA				JG						_badString
 00000250  3C 2F				CMP						AL, 47
 00000252  7C 0D				JL						_verifySign
 00000254  E2 F5				LOOP					_verifyCharacters

 00000256  8B 75 18				MOV						ESI, [EBP+24]
 00000259  8B 4D 20				MOV						ECX, [EBP+32]
 0000025C  83 C1 01				ADD						ECX, 1
 0000025F  EB 0C				JMP						_verifyFirst

 00000261				_verifySign:
 00000261  3C 2D				CMP						AL, 45
 00000263  74 06				JE						_nextCharacter
 00000265  3C 2B				CMP						AL, 43
 00000267  74 02				JE						_nextCharacter
 00000269  EB 8F				JMP						_badString

 0000026B				_nextCharacter:
 0000026B  E2 DE				LOOP					_verifyCharacters					


 0000026D				_verifyFirst:
 0000026D  AC					LODSB
 0000026E  3C 2D				CMP						AL, 45
 00000270  74 09				JE						_negative
 00000272  3C 2B				CMP						AL, 43
 00000274  74 13				JE						_positive
 00000276  8B 75 18				MOV						ESI, [EBP+24]
 00000279  EB 1C				JMP						_verifyString

 0000027B				_negative:
 0000027B  83 E9 01				SUB						ECX, 1
 0000027E  8B 45 20				MOV						EAX, [EBP+32]
 00000281  83 E8 01				SUB						EAX, 1
 00000284  89 45 20				MOV						[EBP+32], EAX
 00000287  EB 3A				JMP						_verifyStringNegative

 00000289				_positive:
 00000289  83 E9 01				SUB						ECX, 1
 0000028C  8B 45 20				MOV						EAX, [EBP+32]
 0000028F  83 E8 01				SUB						EAX, 1
 00000292  89 45 20				MOV						[EBP+32], EAX
 00000295  EB 00				JMP						_verifyString

 00000297				_verifyString:
 00000297  AC					LODSB
 00000298  3C 30				CMP						AL, 48
 0000029A  0F 8C FFFFFF5A			JL						_badString
 000002A0  3C 39				CMP						AL, 57
 000002A2  0F 8F FFFFFF52			JG						_badString
 000002A8  83 E8 30				SUB						EAX, 48

 000002AB  51					PUSH					ECX
 000002AC  8B 4D 20				MOV						ECX, [EBP+32]
 000002AF  83 F9 00				CMP						ECX, 0
 000002B2  7F 02				JG						_multiply
 000002B4  EB 39				JMP						_addDigit

 000002B6				_multiply:
 000002B6  BB 0000000A				MOV						EBX, 10
 000002BB  F7 E3				MUL						EBX
 000002BD  70 62				JO						_overflow
 000002BF  E2 F5				LOOP					_multiply
 000002C1  EB 2C				JMP						_addDigit

 000002C3				_verifyStringNegative:
 000002C3  AC					LODSB
 000002C4  3C 30				CMP						AL, 48
 000002C6  0F 8C FFFFFF2E			JL						_badString
 000002CC  3C 39				CMP						AL, 57
 000002CE  0F 8F FFFFFF26			JG						_badString
 000002D4  83 E8 30				SUB						EAX, 48

 000002D7  51					PUSH					ECX
 000002D8  8B 4D 20				MOV						ECX, [EBP+32]
 000002DB  83 F9 00				CMP						ECX, 0
 000002DE  7F 02				JG						_multiplyNegative
 000002E0  EB 23				JMP						_addDigitNegative

 000002E2				_multiplyNegative:
 000002E2  BB 0000000A				MOV						EBX, 10
 000002E7  F7 E3				MUL						EBX
 000002E9  70 36				JO						_overflow
 000002EB  E2 F5				LOOP					_multiplyNegative
 000002ED  EB 16				JMP						_addDigitNegative

 000002EF				_addDigit:
 000002EF  8B 1F				MOV						EBX, [EDI]
 000002F1  03 C3				ADD						EAX, EBX
 000002F3  70 2C				JO						_overflow
 000002F5  89 07				MOV						[EDI], EAX
 000002F7  8B 45 20				MOV						EAX, [EBP+32]
 000002FA  83 E8 01				SUB						EAX, 1
 000002FD  89 45 20				MOV						[EBP+32], EAX
 00000300  59					POP						ECX
 00000301  E2 94				LOOP					_verifyString
 00000303  EB 22				JMP						_end

 00000305				_addDigitNegative:
 00000305  8B 1F				MOV						EBX, [EDI]
 00000307  03 C3				ADD						EAX, EBX
 00000309  70 16				JO						_overflow
 0000030B  89 07				MOV						[EDI], EAX
 0000030D  8B 45 20				MOV						EAX, [EBP+32]
 00000310  83 E8 01				SUB						EAX, 1
 00000313  89 45 20				MOV						[EBP+32], EAX
 00000316  59					POP						ECX
 00000317  E2 AA				LOOP					_verifyStringNegative

 00000319  8B 1F				MOV						EBX, [EDI]
 0000031B  F7 DB				NEG						EBX
 0000031D  89 1F				MOV						[EDI], EBX

 0000031F  EB 06				JMP						_end

 00000321				_overflow:
 00000321  59					POP						ECX
 00000322  E9 FFFFFED3				JMP						_badString

						; check for any non number chars (except for minus and plus at start)

						
 00000327				_end:

 00000327  5E				POP						ESI
 00000328  5F				POP						EDI
 00000329  5A				POP						EDX
 0000032A  59				POP						ECX
 0000032B  5D				POP						EBP
 0000032C  58				POP						EAX
 0000032D  5D				POP						EBP
 0000032E  C2 001C			RET						28

 00000331			ReadVal ENDP


				; -----------------------------
				; Name: WriteVal
				;
				; FILL THIS OUT
				;	
				; Preconditions:
				;	FILL THIS OUT
				;
				; Receives:
				;	[ebp+8]			= assignment array
				;	[ebp+12]		= author array
				;	[ebp+16]		= instruction_1 array
				;	[ebp+20]		= instruction_2 array
				;	[ebp+24]		= instruction_3 array
				;
				; Returns:
				;	NONE
				; -----------------------------
 00000331			WriteVal PROC
 00000331  55				PUSH					EBP
 00000332  8B EC			MOV						EBP, ESP
 00000334  56				PUSH					ESI
 00000335  57				PUSH					EDI
 00000336  50				PUSH					EAX
 00000337  51				PUSH					ECX
 00000338  52				PUSH					EDX

 00000339  B9 00000000			MOV						ECX, 0
 0000033E  8B 75 08			MOV						ESI, [EBP+8]
 00000341  8B 7D 0C			MOV						EDI, [EBP+12]
 00000344  8B 45 10			MOV						EAX, [EBP+16]
 00000347  03 30			ADD						ESI, [EAX]
 00000349  8B 06			MOV						EAX, [ESI]
 0000034B  83 F8 00			CMP						EAX, 0
 0000034E  7D 0E			JGE						_printArray
 00000350  F7 D8			NEG						EAX
 00000352  8B D8			MOV						EBX, EAX
 00000354  B8 0000002D			MOV						EAX, 45
 00000359  AA				STOSB									; Add a minus sign on for negative integers
 0000035A  8B C3			MOV						EAX, EBX
 0000035C  EB 00			JMP						_printArray
								
 0000035E				_printArray:
 0000035E  BB 0000000A				MOV						EBX, 10
 00000363  BA 00000000				MOV						EDX, 0
 00000368  F7 F3				DIV						EBX
 0000036A  41					INC						ECX
 0000036B  52					PUSH					EDX
 0000036C  83 F8 00				CMP						EAX, 0
 0000036F  74 02				JE						_popStack
 00000371  EB EB				JMP						_printArray

 00000373				_popStack:
 00000373  5A					POP						EDX	
 00000374  8B C2				MOV						EAX, EDX
 00000376  83 C0 30				ADD						EAX, 48
 00000379  AA					STOSB
 0000037A  E2 F7				LOOP					_popStack

 0000037C  B9 00000010			MOV						ECX, 16
 00000381  B0 00			MOV						AL, 0

 00000383				_clearTrailingCharacters:
 00000383  AA					STOSB
 00000384  E2 FD				LOOP				_clearTrailingCharacters

					mDisplayString			[EBP+12]
 00000386  52		     1		PUSH		EDX
 00000387  8B 55 0C	     1		MOV			EDX, [EBP+12]
 0000038A  E8 00000000 E     1		CALL		WriteString
 0000038F  5A		     1		POP			EDX
						
 00000390  5A				POP						EDX
 00000391  59				POP						ECX
 00000392  58				POP						EAX
 00000393  5F				POP						EDI
 00000394  5E				POP						ESI
 00000395  5D				POP						EBP
 00000396  C2 000C			RET						12

 00000399			WriteVal ENDP


				; -----------------------------
				; Name: Calculate
				;
				; FILL THIS OUT
				;	
				; Preconditions:
				;	FILL THIS OUT
				;
				; Receives:
				;	[ebp+8]			= assignment array
				;	[ebp+12]		= author array
				;	[ebp+16]		= instruction_1 array
				;	[ebp+20]		= instruction_2 array
				;	[ebp+24]		= instruction_3 array
				;
				; Returns:
				;	NONE
				; -----------------------------
 00000399			Calculate PROC
 00000399  55				PUSH					EBP
 0000039A  8B EC			MOV						EBP, ESP
 0000039C  50				PUSH					EAX
 0000039D  53				PUSH					EBX
 0000039E  51				PUSH					ECX
 0000039F  52				PUSH					EDX
 000003A0  57				PUSH					EDI

 000003A1  8B 75 10			MOV						ESI, [EBP+16]
 000003A4  B9 00000003			MOV						ECX, NUMBER
 000003A9  BA 00000000			MOV						EDX, 0					; Counts the amount of digits
 000003AE  8B 7D 0C			MOV						EDI, [EBP+12]

 000003B1				_sum:
 000003B1  8B 07				MOV						EAX, [EDI]
 000003B3  8B 1E				MOV						EBX, [ESI]
 000003B5  03 C3				ADD						EAX, EBX
 000003B7  89 07				MOV						[EDI], EAX
 000003B9  83 C6 04				ADD						ESI, 4
 000003BC  83 C2 01				ADD						EDX, 1
 000003BF  E2 F0				LOOP					_sum

 000003C1  8B 75 0C			MOV						ESI, [EBP+12]
 000003C4  8B 06			MOV						EAX, [ESI]
 000003C6  8B DA			MOV						EBX, EDX
 000003C8  BA 00000000			MOV						EDX, 0
 000003CD  99				CDQ
 000003CE  F7 FB			IDIV					EBX
 000003D0  8B 7D 08			MOV						EDI, [EBP+8]
 000003D3  89 07			MOV						[EDI], EAX

 000003D5  5E				POP						ESI
 000003D6  5A				POP						EDX
 000003D7  59				POP						ECX
 000003D8  5B				POP						EBX
 000003D9  58				POP						EAX
 000003DA  5D				POP						EBP
 000003DB  C2 000C			RET						12

 000003DE			Calculate ENDP

				END main
Microsoft (R) Macro Assembler Version 14.28.29915.0	    06/06/21 10:30:17
2String Primitives and Macros    (Proj6_rostma.asm	     Symbols 2 - 1




Macros:

                N a m e                 Type

mDisplayString . . . . . . . . .	Proc
mGetString . . . . . . . . . . .	Proc


Structures and Unions:

                N a m e                  Size
                                         Offset      Type

CONSOLE_CURSOR_INFO  . . . . . .	 00000008
  dwSize . . . . . . . . . . . .	 00000000	 DWord
  bVisible . . . . . . . . . . .	 00000004	 DWord
CONSOLE_SCREEN_BUFFER_INFO . . .	 00000016
  dwSize . . . . . . . . . . . .	 00000000	 DWord
  dwCursorPosition . . . . . . .	 00000004	 DWord
  wAttributes  . . . . . . . . .	 00000008	 Word
  srWindow . . . . . . . . . . .	 0000000A	 QWord
  dwMaximumWindowSize  . . . . .	 00000012	 DWord
COORD  . . . . . . . . . . . . .	 00000004
  X  . . . . . . . . . . . . . .	 00000000	 Word
  Y  . . . . . . . . . . . . . .	 00000002	 Word
FILETIME . . . . . . . . . . . .	 00000008
  loDateTime . . . . . . . . . .	 00000000	 DWord
  hiDateTime . . . . . . . . . .	 00000004	 DWord
FOCUS_EVENT_RECORD . . . . . . .	 00000004
  bSetFocus  . . . . . . . . . .	 00000000	 DWord
FPU_ENVIRON  . . . . . . . . . .	 0000001C
  controlWord  . . . . . . . . .	 00000000	 Word
  statusWord . . . . . . . . . .	 00000004	 Word
  tagWord  . . . . . . . . . . .	 00000008	 Word
  instrPointerOffset . . . . . .	 0000000C	 DWord
  instrPointerSelector . . . . .	 00000010	 DWord
  operandPointerOffset . . . . .	 00000014	 DWord
  operandPointerSelector . . . .	 00000018	 Word
INPUT_RECORD . . . . . . . . . .	 00000014
  EventType  . . . . . . . . . .	 00000000	 Word
  Event  . . . . . . . . . . . .	 00000004	 XmmWord
  bKeyDown . . . . . . . . . . .	 00000000	 DWord
  wRepeatCount . . . . . . . . .	 00000004	 Word
  wVirtualKeyCode  . . . . . . .	 00000006	 Word
  wVirtualScanCode . . . . . . .	 00000008	 Word
  uChar  . . . . . . . . . . . .	 0000000A	 Word
  UnicodeChar  . . . . . . . . .	 00000000	 Word
  AsciiChar  . . . . . . . . . .	 00000000	 Byte
  dwControlKeyState  . . . . . .	 0000000C	 DWord
  dwMousePosition  . . . . . . .	 00000000	 DWord
  dwButtonState  . . . . . . . .	 00000004	 DWord
  dwMouseControlKeyState . . . .	 00000008	 DWord
  dwEventFlags . . . . . . . . .	 0000000C	 DWord
  dwSize . . . . . . . . . . . .	 00000000	 DWord
  dwCommandId  . . . . . . . . .	 00000000	 DWord
  bSetFocus  . . . . . . . . . .	 00000000	 DWord
KEY_EVENT_RECORD . . . . . . . .	 00000010
  bKeyDown . . . . . . . . . . .	 00000000	 DWord
  wRepeatCount . . . . . . . . .	 00000004	 Word
  wVirtualKeyCode  . . . . . . .	 00000006	 Word
  wVirtualScanCode . . . . . . .	 00000008	 Word
  uChar  . . . . . . . . . . . .	 0000000A	 Word
  UnicodeChar  . . . . . . . . .	 00000000	 Word
  AsciiChar  . . . . . . . . . .	 00000000	 Byte
  dwControlKeyState  . . . . . .	 0000000C	 DWord
MENU_EVENT_RECORD  . . . . . . .	 00000004
  dwCommandId  . . . . . . . . .	 00000000	 DWord
MOUSE_EVENT_RECORD . . . . . . .	 00000010
  dwMousePosition  . . . . . . .	 00000000	 DWord
  dwButtonState  . . . . . . . .	 00000004	 DWord
  dwMouseControlKeyState . . . .	 00000008	 DWord
  dwEventFlags . . . . . . . . .	 0000000C	 DWord
SMALL_RECT . . . . . . . . . . .	 00000008
  Left . . . . . . . . . . . . .	 00000000	 Word
  Top  . . . . . . . . . . . . .	 00000002	 Word
  Right  . . . . . . . . . . . .	 00000004	 Word
  Bottom . . . . . . . . . . . .	 00000006	 Word
SYSTEMTIME . . . . . . . . . . .	 00000010
  wYear  . . . . . . . . . . . .	 00000000	 Word
  wMonth . . . . . . . . . . . .	 00000002	 Word
  wDayOfWeek . . . . . . . . . .	 00000004	 Word
  wDay . . . . . . . . . . . . .	 00000006	 Word
  wHour  . . . . . . . . . . . .	 00000008	 Word
  wMinute  . . . . . . . . . . .	 0000000A	 Word
  wSecond  . . . . . . . . . . .	 0000000C	 Word
  wMilliseconds  . . . . . . . .	 0000000E	 Word
WINDOW_BUFFER_SIZE_RECORD  . . .	 00000004
  dwSize . . . . . . . . . . . .	 00000000	 DWord


Segments and Groups:

                N a m e                 Size     Length   Align   Combine Class

FLAT . . . . . . . . . . . . . .	GROUP
STACK  . . . . . . . . . . . . .	32 Bit	 00001000 Para	  Stack	  'STACK'	 
_DATA  . . . . . . . . . . . . .	32 Bit	 0000028D Para	  Public  'DATA'	
_TEXT  . . . . . . . . . . . . .	32 Bit	 000003DE Para	  Public  'CODE'	


Procedures, parameters, and locals:

                N a m e                 Type     Value    Attr

Calculate  . . . . . . . . . . .	P Near	 00000399 _TEXT	Length= 00000045 Public STDCALL
  _sum . . . . . . . . . . . . .	L Near	 000003B1 _TEXT	
CloseFile  . . . . . . . . . . .	P Near	 00000000 FLAT	Length= 00000000 External STDCALL
CloseHandle  . . . . . . . . . .	P Near	 00000000 FLAT	Length= 00000000 External STDCALL
Clrscr . . . . . . . . . . . . .	P Near	 00000000 FLAT	Length= 00000000 External STDCALL
CreateFileA  . . . . . . . . . .	P Near	 00000000 FLAT	Length= 00000000 External STDCALL
CreateOutputFile . . . . . . . .	P Near	 00000000 FLAT	Length= 00000000 External STDCALL
Crlf . . . . . . . . . . . . . .	P Near	 00000000 FLAT	Length= 00000000 External STDCALL
Delay  . . . . . . . . . . . . .	P Near	 00000000 FLAT	Length= 00000000 External STDCALL
DumpMem  . . . . . . . . . . . .	P Near	 00000000 FLAT	Length= 00000000 External STDCALL
DumpRegs . . . . . . . . . . . .	P Near	 00000000 FLAT	Length= 00000000 External STDCALL
ExitProcess  . . . . . . . . . .	P Near	 00000000 FLAT	Length= 00000000 External STDCALL
FileTimeToDosDateTime  . . . . .	P Near	 00000000 FLAT	Length= 00000000 External STDCALL
FileTimeToSystemTime . . . . . .	P Near	 00000000 FLAT	Length= 00000000 External STDCALL
FlushConsoleInputBuffer  . . . .	P Near	 00000000 FLAT	Length= 00000000 External STDCALL
FormatMessageA . . . . . . . . .	P Near	 00000000 FLAT	Length= 00000000 External STDCALL
GetCommandLineA  . . . . . . . .	P Near	 00000000 FLAT	Length= 00000000 External STDCALL
GetCommandTail . . . . . . . . .	P Near	 00000000 FLAT	Length= 00000000 External STDCALL
GetConsoleCP . . . . . . . . . .	P Near	 00000000 FLAT	Length= 00000000 External STDCALL
GetConsoleCursorInfo . . . . . .	P Near	 00000000 FLAT	Length= 00000000 External STDCALL
GetConsoleMode . . . . . . . . .	P Near	 00000000 FLAT	Length= 00000000 External STDCALL
GetConsoleScreenBufferInfo . . .	P Near	 00000000 FLAT	Length= 00000000 External STDCALL
GetDateTime  . . . . . . . . . .	P Near	 00000000 FLAT	Length= 00000000 External STDCALL
GetFileTime  . . . . . . . . . .	P Near	 00000000 FLAT	Length= 00000000 External STDCALL
GetKeyState  . . . . . . . . . .	P Near	 00000000 FLAT	Length= 00000000 External STDCALL
GetLastError . . . . . . . . . .	P Near	 00000000 FLAT	Length= 00000000 External STDCALL
GetLocalTime . . . . . . . . . .	P Near	 00000000 FLAT	Length= 00000000 External STDCALL
GetMaxXY . . . . . . . . . . . .	P Near	 00000000 FLAT	Length= 00000000 External STDCALL
GetMseconds  . . . . . . . . . .	P Near	 00000000 FLAT	Length= 00000000 External STDCALL
GetNumberOfConsoleInputEvents  .	P Near	 00000000 FLAT	Length= 00000000 External STDCALL
GetProcessHeap . . . . . . . . .	P Near	 00000000 FLAT	Length= 00000000 External STDCALL
GetStdHandle . . . . . . . . . .	P Near	 00000000 FLAT	Length= 00000000 External STDCALL
GetSystemTime  . . . . . . . . .	P Near	 00000000 FLAT	Length= 00000000 External STDCALL
GetTextColor . . . . . . . . . .	P Near	 00000000 FLAT	Length= 00000000 External STDCALL
GetTickCount . . . . . . . . . .	P Near	 00000000 FLAT	Length= 00000000 External STDCALL
Gotoxy . . . . . . . . . . . . .	P Near	 00000000 FLAT	Length= 00000000 External STDCALL
HeapAlloc  . . . . . . . . . . .	P Near	 00000000 FLAT	Length= 00000000 External STDCALL
HeapCreate . . . . . . . . . . .	P Near	 00000000 FLAT	Length= 00000000 External STDCALL
HeapDestroy  . . . . . . . . . .	P Near	 00000000 FLAT	Length= 00000000 External STDCALL
HeapFree . . . . . . . . . . . .	P Near	 00000000 FLAT	Length= 00000000 External STDCALL
HeapSize . . . . . . . . . . . .	P Near	 00000000 FLAT	Length= 00000000 External STDCALL
Introduction . . . . . . . . . .	P Near	 00000148 _TEXT	Length= 0000005E Public STDCALL
IsDigit  . . . . . . . . . . . .	P Near	 00000000 FLAT	Length= 00000000 External STDCALL
LocalFree  . . . . . . . . . . .	P Near	 00000000 FLAT	Length= 00000000 External STDCALL
MessageBoxA  . . . . . . . . . .	P Near	 00000000 FLAT	Length= 00000000 External STDCALL
MsgBoxAsk  . . . . . . . . . . .	P Near	 00000000 FLAT	Length= 00000000 External STDCALL
MsgBox . . . . . . . . . . . . .	P Near	 00000000 FLAT	Length= 00000000 External STDCALL
OpenInputFile  . . . . . . . . .	P Near	 00000000 FLAT	Length= 00000000 External STDCALL
ParseDecimal32 . . . . . . . . .	P Near	 00000000 FLAT	Length= 00000000 External STDCALL
ParseInteger32 . . . . . . . . .	P Near	 00000000 FLAT	Length= 00000000 External STDCALL
PeekConsoleInputA  . . . . . . .	P Near	 00000000 FLAT	Length= 00000000 External STDCALL
Random32 . . . . . . . . . . . .	P Near	 00000000 FLAT	Length= 00000000 External STDCALL
RandomRange  . . . . . . . . . .	P Near	 00000000 FLAT	Length= 00000000 External STDCALL
Randomize  . . . . . . . . . . .	P Near	 00000000 FLAT	Length= 00000000 External STDCALL
ReadChar . . . . . . . . . . . .	P Near	 00000000 FLAT	Length= 00000000 External STDCALL
ReadConsoleA . . . . . . . . . .	P Near	 00000000 FLAT	Length= 00000000 External STDCALL
ReadConsoleInputA  . . . . . . .	P Near	 00000000 FLAT	Length= 00000000 External STDCALL
ReadDec  . . . . . . . . . . . .	P Near	 00000000 FLAT	Length= 00000000 External STDCALL
ReadFile . . . . . . . . . . . .	P Near	 00000000 FLAT	Length= 00000000 External STDCALL
ReadFloat  . . . . . . . . . . .	P Near	 00000000 FLAT	Length= 00000000 External STDCALL
ReadFromFile . . . . . . . . . .	P Near	 00000000 FLAT	Length= 00000000 External STDCALL
ReadHex  . . . . . . . . . . . .	P Near	 00000000 FLAT	Length= 00000000 External STDCALL
ReadInt  . . . . . . . . . . . .	P Near	 00000000 FLAT	Length= 00000000 External STDCALL
ReadKeyFlush . . . . . . . . . .	P Near	 00000000 FLAT	Length= 00000000 External STDCALL
ReadKey  . . . . . . . . . . . .	P Near	 00000000 FLAT	Length= 00000000 External STDCALL
ReadString . . . . . . . . . . .	P Near	 00000000 FLAT	Length= 00000000 External STDCALL
ReadVal  . . . . . . . . . . . .	P Near	 000001A6 _TEXT	Length= 0000018B Public STDCALL
  _getString . . . . . . . . . .	L Near	 000001C4 _TEXT	
  _badString . . . . . . . . . .	L Near	 000001FA _TEXT	
  _verifyCharacters  . . . . . .	L Near	 0000024B _TEXT	
  _verifySign  . . . . . . . . .	L Near	 00000261 _TEXT	
  _nextCharacter . . . . . . . .	L Near	 0000026B _TEXT	
  _verifyFirst . . . . . . . . .	L Near	 0000026D _TEXT	
  _negative  . . . . . . . . . .	L Near	 0000027B _TEXT	
  _positive  . . . . . . . . . .	L Near	 00000289 _TEXT	
  _verifyString  . . . . . . . .	L Near	 00000297 _TEXT	
  _multiply  . . . . . . . . . .	L Near	 000002B6 _TEXT	
  _verifyStringNegative  . . . .	L Near	 000002C3 _TEXT	
  _multiplyNegative  . . . . . .	L Near	 000002E2 _TEXT	
  _addDigit  . . . . . . . . . .	L Near	 000002EF _TEXT	
  _addDigitNegative  . . . . . .	L Near	 00000305 _TEXT	
  _overflow  . . . . . . . . . .	L Near	 00000321 _TEXT	
  _end . . . . . . . . . . . . .	L Near	 00000327 _TEXT	
SetConsoleCursorInfo . . . . . .	P Near	 00000000 FLAT	Length= 00000000 External STDCALL
SetConsoleCursorPosition . . . .	P Near	 00000000 FLAT	Length= 00000000 External STDCALL
SetConsoleMode . . . . . . . . .	P Near	 00000000 FLAT	Length= 00000000 External STDCALL
SetConsoleScreenBufferSize . . .	P Near	 00000000 FLAT	Length= 00000000 External STDCALL
SetConsoleTextAttribute  . . . .	P Near	 00000000 FLAT	Length= 00000000 External STDCALL
SetConsoleTitleA . . . . . . . .	P Near	 00000000 FLAT	Length= 00000000 External STDCALL
SetConsoleWindowInfo . . . . . .	P Near	 00000000 FLAT	Length= 00000000 External STDCALL
SetFilePointer . . . . . . . . .	P Near	 00000000 FLAT	Length= 00000000 External STDCALL
SetLocalTime . . . . . . . . . .	P Near	 00000000 FLAT	Length= 00000000 External STDCALL
SetTextColor . . . . . . . . . .	P Near	 00000000 FLAT	Length= 00000000 External STDCALL
ShowFPUStack . . . . . . . . . .	P Near	 00000000 FLAT	Length= 00000000 External STDCALL
Sleep  . . . . . . . . . . . . .	P Near	 00000000 FLAT	Length= 00000000 External STDCALL
StrLength  . . . . . . . . . . .	P Near	 00000000 FLAT	Length= 00000000 External STDCALL
Str_compare  . . . . . . . . . .	P Near	 00000000 FLAT	Length= 00000000 External STDCALL
Str_copy . . . . . . . . . . . .	P Near	 00000000 FLAT	Length= 00000000 External STDCALL
Str_length . . . . . . . . . . .	P Near	 00000000 FLAT	Length= 00000000 External STDCALL
Str_trim . . . . . . . . . . . .	P Near	 00000000 FLAT	Length= 00000000 External STDCALL
Str_ucase  . . . . . . . . . . .	P Near	 00000000 FLAT	Length= 00000000 External STDCALL
SystemTimeToFileTime . . . . . .	P Near	 00000000 FLAT	Length= 00000000 External STDCALL
WaitMsg  . . . . . . . . . . . .	P Near	 00000000 FLAT	Length= 00000000 External STDCALL
WriteBinB  . . . . . . . . . . .	P Near	 00000000 FLAT	Length= 00000000 External STDCALL
WriteBin . . . . . . . . . . . .	P Near	 00000000 FLAT	Length= 00000000 External STDCALL
WriteChar  . . . . . . . . . . .	P Near	 00000000 FLAT	Length= 00000000 External STDCALL
WriteConsoleA  . . . . . . . . .	P Near	 00000000 FLAT	Length= 00000000 External STDCALL
WriteConsoleOutputAttribute  . .	P Near	 00000000 FLAT	Length= 00000000 External STDCALL
WriteConsoleOutputCharacterA . .	P Near	 00000000 FLAT	Length= 00000000 External STDCALL
WriteDec . . . . . . . . . . . .	P Near	 00000000 FLAT	Length= 00000000 External STDCALL
WriteFile  . . . . . . . . . . .	P Near	 00000000 FLAT	Length= 00000000 External STDCALL
WriteFloat . . . . . . . . . . .	P Near	 00000000 FLAT	Length= 00000000 External STDCALL
WriteHexB  . . . . . . . . . . .	P Near	 00000000 FLAT	Length= 00000000 External STDCALL
WriteHex . . . . . . . . . . . .	P Near	 00000000 FLAT	Length= 00000000 External STDCALL
WriteInt . . . . . . . . . . . .	P Near	 00000000 FLAT	Length= 00000000 External STDCALL
WriteStackFrameName  . . . . . .	P Near	 00000000 FLAT	Length= 00000000 External STDCALL
WriteStackFrame  . . . . . . . .	P Near	 00000000 FLAT	Length= 00000000 External STDCALL
WriteString  . . . . . . . . . .	P Near	 00000000 FLAT	Length= 00000000 External STDCALL
WriteToFile  . . . . . . . . . .	P Near	 00000000 FLAT	Length= 00000000 External STDCALL
WriteVal . . . . . . . . . . . .	P Near	 00000331 _TEXT	Length= 00000068 Public STDCALL
  _printArray  . . . . . . . . .	L Near	 0000035E _TEXT	
  _popStack  . . . . . . . . . .	L Near	 00000373 _TEXT	
  _clearTrailingCharacters . . .	L Near	 00000383 _TEXT	
WriteWindowsMsg  . . . . . . . .	P Near	 00000000 FLAT	Length= 00000000 External STDCALL
main . . . . . . . . . . . . . .	P Near	 00000000 _TEXT	Length= 00000148 Public STDCALL
  _getValidStrings . . . . . . .	L Near	 0000002D _TEXT	
  _enteredNumbers  . . . . . . .	L Near	 00000097 _TEXT	
  _enteredNumbersNoComma . . . .	L Near	 000000CC _TEXT	
printf . . . . . . . . . . . . .	P Near	 00000000 FLAT	Length= 00000000 External C
scanf  . . . . . . . . . . . . .	P Near	 00000000 FLAT	Length= 00000000 External C
wsprintfA  . . . . . . . . . . .	P Near	 00000000 FLAT	Length= 00000000 External C


Symbols:

                N a m e                 Type     Value    Attr

@CodeSize  . . . . . . . . . . .	Number	 00000000h   
@DataSize  . . . . . . . . . . .	Number	 00000000h   
@Interface . . . . . . . . . . .	Number	 00000003h   
@Model . . . . . . . . . . . . .	Number	 00000007h   
@code  . . . . . . . . . . . . .	Text   	 _TEXT
@data  . . . . . . . . . . . . .	Text   	 FLAT
@fardata?  . . . . . . . . . . .	Text   	 FLAT
@fardata . . . . . . . . . . . .	Text   	 FLAT
@stack . . . . . . . . . . . . .	Text   	 FLAT
ALT_MASK . . . . . . . . . . . .	Number	 00000003h   
CAPSLOCK_ON  . . . . . . . . . .	Number	 00000080h   
CREATE_ALWAYS  . . . . . . . . .	Number	 00000002h   
CREATE_NEW . . . . . . . . . . .	Number	 00000001h   
CTRL_MASK  . . . . . . . . . . .	Number	 0000000Ch   
CreateFile . . . . . . . . . . .	Text   	 CreateFileA
DO_NOT_SHARE . . . . . . . . . .	Number	 00000000h   
ENABLE_ECHO_INPUT  . . . . . . .	Number	 00000004h   
ENABLE_LINE_INPUT  . . . . . . .	Number	 00000002h   
ENABLE_MOUSE_INPUT . . . . . . .	Number	 00000010h   
ENABLE_PROCESSED_INPUT . . . . .	Number	 00000001h   
ENABLE_PROCESSED_OUTPUT  . . . .	Number	 00000001h   
ENABLE_WINDOW_INPUT  . . . . . .	Number	 00000008h   
ENABLE_WRAP_AT_EOL_OUTPUT  . . .	Number	 00000002h   
ENHANCED_KEY . . . . . . . . . .	Number	 00000100h   
FALSE  . . . . . . . . . . . . .	Number	 00000000h   
FILE_APPEND_DATA . . . . . . . .	Number	 00000004h   
FILE_ATTRIBUTE_ARCHIVE . . . . .	Number	 00000020h   
FILE_ATTRIBUTE_COMPRESSED  . . .	Number	 00000800h   
FILE_ATTRIBUTE_DEVICE  . . . . .	Number	 00000040h   
FILE_ATTRIBUTE_DIRECTORY . . . .	Number	 00000010h   
FILE_ATTRIBUTE_ENCRYPTED . . . .	Number	 00004000h   
FILE_ATTRIBUTE_HIDDEN  . . . . .	Number	 00000002h   
FILE_ATTRIBUTE_NORMAL  . . . . .	Number	 00000080h   
FILE_ATTRIBUTE_NOT_CONTENT_INDEXED .	Number	 00002000h   
FILE_ATTRIBUTE_OFFLINE . . . . .	Number	 00001000h   
FILE_ATTRIBUTE_READONLY  . . . .	Number	 00000001h   
FILE_ATTRIBUTE_REPARSE_POINT . .	Number	 00000400h   
FILE_ATTRIBUTE_SPARSE_FILE . . .	Number	 00000200h   
FILE_ATTRIBUTE_SYSTEM  . . . . .	Number	 00000004h   
FILE_ATTRIBUTE_TEMPORARY . . . .	Number	 00000100h   
FILE_BEGIN . . . . . . . . . . .	Number	 00000000h   
FILE_CURRENT . . . . . . . . . .	Number	 00000001h   
FILE_DELETE_CHILD  . . . . . . .	Number	 00000040h   
FILE_END . . . . . . . . . . . .	Number	 00000002h   
FILE_READ_DATA . . . . . . . . .	Number	 00000001h   
FILE_SHARE_DELETE  . . . . . . .	Number	 00000004h   
FILE_SHARE_READ  . . . . . . . .	Number	 00000001h   
FILE_SHARE_WRITE . . . . . . . .	Number	 00000002h   
FILE_WRITE_DATA  . . . . . . . .	Number	 00000002h   
FOCUS_EVENT  . . . . . . . . . .	Number	 00000010h   
FORMAT_MESSAGE_ALLOCATE_BUFFER .	Number	 00000100h   
FORMAT_MESSAGE_FROM_SYSTEM . . .	Number	 00001000h   
FormatMessage  . . . . . . . . .	Text   	 FormatMessageA
GENERIC_ALL  . . . . . . . . . .	Number	 10000000h   
GENERIC_EXECUTE  . . . . . . . .	Number	 20000000h   
GENERIC_READ . . . . . . . . . .	Number	 -80000000h   
GENERIC_WRITE  . . . . . . . . .	Number	 40000000h   
GetCommandLine . . . . . . . . .	Text   	 GetCommandLineA
HANDLE . . . . . . . . . . . . .	Text   	 DWORD
HEAP_GENERATE_EXCEPTIONS . . . .	Number	 00000004h   
HEAP_GROWABLE  . . . . . . . . .	Number	 00000002h   
HEAP_NO_SERIALIZE  . . . . . . .	Number	 00000001h   
HEAP_REALLOC_IN_PLACE_ONLY . . .	Number	 00000010h   
HEAP_ZERO_MEMORY . . . . . . . .	Number	 00000008h   
HI . . . . . . . . . . . . . . .	Number	 00000010h   
IDABORT  . . . . . . . . . . . .	Number	 00000003h   
IDCANCEL . . . . . . . . . . . .	Number	 00000002h   
IDCLOSE  . . . . . . . . . . . .	Number	 00000008h   
IDCONTINUE . . . . . . . . . . .	Number	 0000000Bh   
IDHELP . . . . . . . . . . . . .	Number	 00000009h   
IDIGNORE . . . . . . . . . . . .	Number	 00000005h   
IDNO . . . . . . . . . . . . . .	Number	 00000007h   
IDOK . . . . . . . . . . . . . .	Number	 00000001h   
IDRETRY  . . . . . . . . . . . .	Number	 00000004h   
IDTIMEOUT  . . . . . . . . . . .	Number	 00007D00h   
IDTRYAGAIN . . . . . . . . . . .	Number	 0000000Ah   
IDYES  . . . . . . . . . . . . .	Number	 00000006h   
INVALID_HANDLE_VALUE . . . . . .	Number	 -00000001h   
KBDOWN_FLAG  . . . . . . . . . .	Number	 00000001h   
KEY_EVENT  . . . . . . . . . . .	Number	 00000001h   
KEY_MASKS  . . . . . . . . . . .	Number	 0000001Fh   
LEFT_ALT_PRESSED . . . . . . . .	Number	 00000002h   
LEFT_CTRL_PRESSED  . . . . . . .	Number	 00000008h   
MB_ABORTRETRYIGNORE  . . . . . .	Number	 00000002h   
MB_APPLMODAL . . . . . . . . . .	Number	 00000000h   
MB_CANCELTRYCONTINUE . . . . . .	Number	 00000006h   
MB_DEFBUTTON1  . . . . . . . . .	Number	 00000000h   
MB_DEFBUTTON2  . . . . . . . . .	Number	 00000100h   
MB_DEFBUTTON3  . . . . . . . . .	Number	 00000200h   
MB_DEFBUTTON4  . . . . . . . . .	Number	 00000300h   
MB_HELP  . . . . . . . . . . . .	Number	 00004000h   
MB_ICONASTERISK  . . . . . . . .	Number	 00000040h   
MB_ICONERROR . . . . . . . . . .	Number	 00000010h   
MB_ICONEXCLAMATION . . . . . . .	Number	 00000030h   
MB_ICONHAND  . . . . . . . . . .	Number	 00000010h   
MB_ICONINFORMATION . . . . . . .	Number	 00000040h   
MB_ICONQUESTION  . . . . . . . .	Number	 00000020h   
MB_ICONSTOP  . . . . . . . . . .	Number	 00000010h   
MB_ICONWARNING . . . . . . . . .	Number	 00000030h   
MB_OKCANCEL  . . . . . . . . . .	Number	 00000001h   
MB_OK  . . . . . . . . . . . . .	Number	 00000000h   
MB_RETRYCANCEL . . . . . . . . .	Number	 00000005h   
MB_SYSTEMMODAL . . . . . . . . .	Number	 00001000h   
MB_TASKMODAL . . . . . . . . . .	Number	 00002000h   
MB_USERICON  . . . . . . . . . .	Number	 00000080h   
MB_YESNOCANCEL . . . . . . . . .	Number	 00000003h   
MB_YESNO . . . . . . . . . . . .	Number	 00000004h   
MENU_EVENT . . . . . . . . . . .	Number	 00000008h   
MOUSE_EVENT  . . . . . . . . . .	Number	 00000002h   
MessageBox . . . . . . . . . . .	Text   	 MessageBoxA
NULL . . . . . . . . . . . . . .	Number	 00000000h   
NUMBER . . . . . . . . . . . . .	Number	 00000003h   
NUMLOCK_ON . . . . . . . . . . .	Number	 00000020h   
OPEN_ALWAYS  . . . . . . . . . .	Number	 00000004h   
OPEN_EXISTING  . . . . . . . . .	Number	 00000003h   
PeekConsoleInput . . . . . . . .	Text   	 PeekConsoleInputA
RIGHT_ALT_PRESSED  . . . . . . .	Number	 00000001h   
RIGHT_CTRL_PRESSED . . . . . . .	Number	 00000004h   
ReadConsoleInput . . . . . . . .	Text   	 ReadConsoleInputA
ReadConsole  . . . . . . . . . .	Text   	 ReadConsoleA
SCROLLLOCK_ON  . . . . . . . . .	Number	 00000040h   
SHIFT_MASK . . . . . . . . . . .	Number	 00000010h   
SHIFT_PRESSED  . . . . . . . . .	Number	 00000010h   
STD_ERROR_HANDLE . . . . . . . .	Number	 -0000000Ch   
STD_INPUT_HANDLE . . . . . . . .	Number	 -0000000Ah   
STD_OUTPUT_HANDLE  . . . . . . .	Number	 -0000000Bh   
SetConsoleTitle  . . . . . . . .	Text   	 SetConsoleTitleA
TAB  . . . . . . . . . . . . . .	Number	 00000009h   
TRUE . . . . . . . . . . . . . .	Number	 00000001h   
TRUNCATE_EXISTING  . . . . . . .	Number	 00000005h   
VK_11  . . . . . . . . . . . . .	Number	 000000BDh   
VK_12  . . . . . . . . . . . . .	Number	 000000BBh   
VK_ADD . . . . . . . . . . . . .	Number	 0000006Bh   
VK_BACK  . . . . . . . . . . . .	Number	 00000008h   
VK_CANCEL  . . . . . . . . . . .	Number	 00000003h   
VK_CAPITAL . . . . . . . . . . .	Number	 00000014h   
VK_CLEAR . . . . . . . . . . . .	Number	 0000000Ch   
VK_CONTROL . . . . . . . . . . .	Number	 00000011h   
VK_DECIMAL . . . . . . . . . . .	Number	 0000006Eh   
VK_DELETE  . . . . . . . . . . .	Number	 0000002Eh   
VK_DIVIDE  . . . . . . . . . . .	Number	 0000006Fh   
VK_DOWN  . . . . . . . . . . . .	Number	 00000028h   
VK_END . . . . . . . . . . . . .	Number	 00000023h   
VK_ESCAPE  . . . . . . . . . . .	Number	 0000001Bh   
VK_EXECUTE . . . . . . . . . . .	Number	 0000002Bh   
VK_F10 . . . . . . . . . . . . .	Number	 00000079h   
VK_F11 . . . . . . . . . . . . .	Number	 0000007Ah   
VK_F12 . . . . . . . . . . . . .	Number	 0000007Bh   
VK_F13 . . . . . . . . . . . . .	Number	 0000007Ch   
VK_F14 . . . . . . . . . . . . .	Number	 0000007Dh   
VK_F15 . . . . . . . . . . . . .	Number	 0000007Eh   
VK_F16 . . . . . . . . . . . . .	Number	 0000007Fh   
VK_F17 . . . . . . . . . . . . .	Number	 00000080h   
VK_F18 . . . . . . . . . . . . .	Number	 00000081h   
VK_F19 . . . . . . . . . . . . .	Number	 00000082h   
VK_F1  . . . . . . . . . . . . .	Number	 00000070h   
VK_F20 . . . . . . . . . . . . .	Number	 00000083h   
VK_F21 . . . . . . . . . . . . .	Number	 00000084h   
VK_F22 . . . . . . . . . . . . .	Number	 00000085h   
VK_F23 . . . . . . . . . . . . .	Number	 00000086h   
VK_F24 . . . . . . . . . . . . .	Number	 00000087h   
VK_F2  . . . . . . . . . . . . .	Number	 00000071h   
VK_F3  . . . . . . . . . . . . .	Number	 00000072h   
VK_F4  . . . . . . . . . . . . .	Number	 00000073h   
VK_F5  . . . . . . . . . . . . .	Number	 00000074h   
VK_F6  . . . . . . . . . . . . .	Number	 00000075h   
VK_F7  . . . . . . . . . . . . .	Number	 00000076h   
VK_F8  . . . . . . . . . . . . .	Number	 00000077h   
VK_F9  . . . . . . . . . . . . .	Number	 00000078h   
VK_HELP  . . . . . . . . . . . .	Number	 0000002Fh   
VK_HOME  . . . . . . . . . . . .	Number	 00000024h   
VK_INSERT  . . . . . . . . . . .	Number	 0000002Dh   
VK_LBUTTON . . . . . . . . . . .	Number	 00000001h   
VK_LCONTROL  . . . . . . . . . .	Number	 000000A2h   
VK_LEFT  . . . . . . . . . . . .	Number	 00000025h   
VK_LMENU . . . . . . . . . . . .	Number	 000000A4h   
VK_LSHIFT  . . . . . . . . . . .	Number	 000000A0h   
VK_MENU  . . . . . . . . . . . .	Number	 00000012h   
VK_MULTIPLY  . . . . . . . . . .	Number	 0000006Ah   
VK_NEXT  . . . . . . . . . . . .	Number	 00000022h   
VK_NUMLOCK . . . . . . . . . . .	Number	 00000090h   
VK_NUMPAD0 . . . . . . . . . . .	Number	 00000060h   
VK_NUMPAD1 . . . . . . . . . . .	Number	 00000061h   
VK_NUMPAD2 . . . . . . . . . . .	Number	 00000062h   
VK_NUMPAD3 . . . . . . . . . . .	Number	 00000063h   
VK_NUMPAD4 . . . . . . . . . . .	Number	 00000064h   
VK_NUMPAD5 . . . . . . . . . . .	Number	 00000065h   
VK_NUMPAD6 . . . . . . . . . . .	Number	 00000066h   
VK_NUMPAD7 . . . . . . . . . . .	Number	 00000067h   
VK_NUMPAD8 . . . . . . . . . . .	Number	 00000068h   
VK_NUMPAD9 . . . . . . . . . . .	Number	 00000069h   
VK_PAUSE . . . . . . . . . . . .	Number	 00000013h   
VK_PRINT . . . . . . . . . . . .	Number	 0000002Ah   
VK_PRIOR . . . . . . . . . . . .	Number	 00000021h   
VK_RBUTTON . . . . . . . . . . .	Number	 00000002h   
VK_RCONTROL  . . . . . . . . . .	Number	 000000A3h   
VK_RETURN  . . . . . . . . . . .	Number	 0000000Dh   
VK_RIGHT . . . . . . . . . . . .	Number	 00000027h   
VK_RMENU . . . . . . . . . . . .	Number	 000000A5h   
VK_RSHIFT  . . . . . . . . . . .	Number	 000000A1h   
VK_SCROLL  . . . . . . . . . . .	Number	 00000091h   
VK_SEPARATER . . . . . . . . . .	Number	 0000006Ch   
VK_SHIFT . . . . . . . . . . . .	Number	 00000010h   
VK_SNAPSHOT  . . . . . . . . . .	Number	 0000002Ch   
VK_SPACE . . . . . . . . . . . .	Number	 00000020h   
VK_SUBTRACT  . . . . . . . . . .	Number	 0000006Dh   
VK_TAB . . . . . . . . . . . . .	Number	 00000009h   
VK_UP  . . . . . . . . . . . . .	Number	 00000026h   
WINDOW_BUFFER_SIZE_EVENT . . . .	Number	 00000004h   
WriteConsoleOutputCharacter  . .	Text   	 WriteConsoleOutputCharacterA
WriteConsole . . . . . . . . . .	Text   	 WriteConsoleA
assignment . . . . . . . . . . .	Byte	 00000000 _DATA	
author . . . . . . . . . . . . .	Byte	 0000003D _DATA	
average  . . . . . . . . . . . .	DWord	 0000023A _DATA	
black  . . . . . . . . . . . . .	Number	 00000000h   
blue . . . . . . . . . . . . . .	Number	 00000001h   
brown  . . . . . . . . . . . . .	Number	 00000006h   
comma  . . . . . . . . . . . . .	Byte	 00000237 _DATA	
count  . . . . . . . . . . . . .	DWord	 0000020F _DATA	
cyan . . . . . . . . . . . . . .	Number	 00000003h   
exit . . . . . . . . . . . . . .	Text   	 INVOKE ExitProcess,0
goodbye  . . . . . . . . . . . .	Byte	 00000279 _DATA	
gray . . . . . . . . . . . . . .	Number	 00000008h   
green  . . . . . . . . . . . . .	Number	 00000002h   
input_bad  . . . . . . . . . . .	Byte	 00000167 _DATA	
input_prompt . . . . . . . . . .	Byte	 00000148 _DATA	
input_try_again  . . . . . . . .	Byte	 000001AC _DATA	
instruction_1  . . . . . . . . .	Byte	 00000056 _DATA	
instruction_2  . . . . . . . . .	Byte	 00000081 _DATA	
instruction_3  . . . . . . . . .	Byte	 000000ED _DATA	
integers . . . . . . . . . . . .	DWord	 000001BF _DATA	
lightBlue  . . . . . . . . . . .	Number	 00000009h   
lightCyan  . . . . . . . . . . .	Number	 0000000Bh   
lightGray  . . . . . . . . . . .	Number	 00000007h   
lightGreen . . . . . . . . . . .	Number	 0000000Ah   
lightMagenta . . . . . . . . . .	Number	 0000000Dh   
lightRed . . . . . . . . . . . .	Number	 0000000Ch   
magenta  . . . . . . . . . . . .	Number	 00000005h   
output_string  . . . . . . . . .	Byte	 00000213 _DATA	
red  . . . . . . . . . . . . . .	Number	 00000004h   
rounded_string . . . . . . . . .	Byte	 00000260 _DATA	
string_count . . . . . . . . . .	DWord	 0000020B _DATA	
string_output  . . . . . . . . .	Byte	 000001EB _DATA	
string . . . . . . . . . . . . .	Byte	 000001CB _DATA	
sum_string . . . . . . . . . . .	Byte	 0000023E _DATA	
sum  . . . . . . . . . . . . . .	DWord	 0000025C _DATA	
white  . . . . . . . . . . . . .	Number	 0000000Fh   
wsprintf . . . . . . . . . . . .	Text   	 wsprintfA
yellow . . . . . . . . . . . . .	Number	 0000000Eh   

	   0 Warnings
	   0 Errors
